// Vitest Snapshot v1, https://vitest.dev/guide/snapshot.html

exports[`W1-8 golden-manifest — seeded built artifacts > capability contract is stable — zana 1`] = `
{
  "agentPreset": undefined,
  "engines": {
    "zccApi": "^1.0.0",
  },
  "entry": {
    "main": "main.mjs",
    "renderer": "renderer.js",
  },
  "id": "zana",
  "permissionScopes": {
    "egressAllowlist": [
      "registry.npmjs.org",
    ],
    "execAllowlist": [
      "npm",
    ],
    "extensionInstallAllowlist": undefined,
    "fsRoots": undefined,
    "mcpAllowlist": [
      "zana",
    ],
    "streamAllowlist": undefined,
  },
  "permissions": [
    "mcp",
    "exec",
    "net",
    "session:launch",
    "external:open",
  ],
  "projectTab": {
    "global": false,
    "icon": "Ticket",
    "label": "Zana",
    "order": undefined,
  },
  "title": "Zana",
  "version": "0.1.0",
}
`;
